

================================================================
== Vitis HLS Report for 'iFFT'
================================================================
* Date:           Mon Mar  4 11:09:15 2024

* Version:        2022.1 (Build 3526262 on Mon Apr 18 15:47:01 MDT 2022)
* Project:        hls_ip
* Solution:       solution1 (Vivado IP Flow Target)
* Product family: zynq
* Target device:  xc7z020-clg400-1


================================================================
== Performance Estimates
================================================================
+ Timing: 
    * Summary: 
    +--------+---------+-----------+------------+
    |  Clock |  Target | Estimated | Uncertainty|
    +--------+---------+-----------+------------+
    |ap_clk  |  0.10 us|  63.415 ns|    27.00 ns|
    +--------+---------+-----------+------------+

+ Latency: 
    * Summary: 
    +---------+---------+----------+-----------+------+--------+---------+
    |  Latency (cycles) |  Latency (absolute)  |    Interval   | Pipeline|
    |   min   |   max   |    min   |    max    |  min |   max  |   Type  |
    +---------+---------+----------+-----------+------+--------+---------+
    |     3092|   127589|  0.309 ms|  12.759 ms|  3092|  127589|       no|
    +---------+---------+----------+-----------+------+--------+---------+

    + Detail: 
        * Instance: 
        N/A

        * Loop: 
        +------------------------+---------+---------+-----------+-----------+-----------+----------+----------+
        |                        |  Latency (cycles) | Iteration |  Initiation Interval  |   Trip   |          |
        |        Loop Name       |   min   |   max   |  Latency  |  achieved |   target  |   Count  | Pipelined|
        +------------------------+---------+---------+-----------+-----------+-----------+----------+----------+
        |- VITIS_LOOP_1453_1     |       18|   124515|  2 ~ 13835|          -|          -|         9|        no|
        | + VITIS_LOOP_1459_2    |        0|    13833|  3 ~ 13833|          -|          -|     0 ~ 1|        no|
        |  ++ VITIS_LOOP_1468_3  |        0|    13830|          6|          -|          -|  0 ~ 2305|        no|
        |- VITIS_LOOP_1493_4     |     3072|     3072|          3|          -|          -|      1024|        no|
        +------------------------+---------+---------+-----------+-----------+-----------+----------+----------+



================================================================
== Utilization Estimates
================================================================
* Summary: 
+-----------------+---------+-----+--------+-------+-----+
|       Name      | BRAM_18K| DSP |   FF   |  LUT  | URAM|
+-----------------+---------+-----+--------+-------+-----+
|DSP              |        -|    -|       -|      -|    -|
|Expression       |        -|    -|       0|    448|    -|
|FIFO             |        -|    -|       -|      -|    -|
|Instance         |        -|   56|    2392|   6444|    -|
|Memory           |        8|    -|       0|      0|    -|
|Multiplexer      |        -|    -|       -|    320|    -|
|Register         |        -|    -|     834|      -|    -|
+-----------------+---------+-----+--------+-------+-----+
|Total            |        8|   56|    3226|   7212|    0|
+-----------------+---------+-----+--------+-------+-----+
|Available        |      280|  220|  106400|  53200|    0|
+-----------------+---------+-----+--------+-------+-----+
|Utilization (%)  |        2|   25|       3|     13|    0|
+-----------------+---------+-----+--------+-------+-----+

+ Detail: 
    * Instance: 
    +-----------------------------------------+------------------------------------+---------+----+-----+------+-----+
    |                 Instance                |               Module               | BRAM_18K| DSP|  FF |  LUT | URAM|
    +-----------------------------------------+------------------------------------+---------+----+-----+------+-----+
    |dadd_64ns_64ns_64_2_full_dsp_1_U102      |dadd_64ns_64ns_64_2_full_dsp_1      |        0|   3|  342|  1065|    0|
    |dadddsub_64ns_64ns_64_2_full_dsp_1_U101  |dadddsub_64ns_64ns_64_2_full_dsp_1  |        0|   3|  342|  1065|    0|
    |dmul_64ns_64ns_64_2_max_dsp_1_U105       |dmul_64ns_64ns_64_2_max_dsp_1       |        0|  11|  256|   546|    0|
    |dmul_64ns_64ns_64_2_max_dsp_1_U106       |dmul_64ns_64ns_64_2_max_dsp_1       |        0|  11|  256|   546|    0|
    |dmul_64ns_64ns_64_2_max_dsp_1_U107       |dmul_64ns_64ns_64_2_max_dsp_1       |        0|  11|  256|   546|    0|
    |dmul_64ns_64ns_64_2_max_dsp_1_U108       |dmul_64ns_64ns_64_2_max_dsp_1       |        0|  11|  256|   546|    0|
    |dsub_64ns_64ns_64_2_full_dsp_1_U103      |dsub_64ns_64ns_64_2_full_dsp_1      |        0|   3|  342|  1065|    0|
    |dsub_64ns_64ns_64_2_full_dsp_1_U104      |dsub_64ns_64ns_64_2_full_dsp_1      |        0|   3|  342|  1065|    0|
    +-----------------------------------------+------------------------------------+---------+----+-----+------+-----+
    |Total                                    |                                    |        0|  56| 2392|  6444|    0|
    +-----------------------------------------+------------------------------------+---------+----+-----+------+-----+

    * DSP: 
    N/A

    * Memory: 
    +--------------+----------------------------+---------+---+----+-----+------+-----+------+-------------+
    |    Memory    |           Module           | BRAM_18K| FF| LUT| URAM| Words| Bits| Banks| W*Bits*Banks|
    +--------------+----------------------------+---------+---+----+-----+------+-----+------+-------------+
    |fpr_gm_tab_U  |FFT_fpr_gm_tab_ROM_AUTO_1R  |        8|  0|   0|    0|  2048|   64|     1|       131072|
    +--------------+----------------------------+---------+---+----+-----+------+-----+------+-------------+
    |Total         |                            |        8|  0|   0|    0|  2048|   64|     1|       131072|
    +--------------+----------------------------+---------+---+----+-----+------+-----+------+-------------+

    * FIFO: 
    N/A

    * Expression: 
    +-----------------------+----------+----+---+----+------------+------------+
    |     Variable Name     | Operation| DSP| FF| LUT| Bitwidth P0| Bitwidth P1|
    +-----------------------+----------+----+---+----+------------+------------+
    |add_ln1459_fu_459_p2   |         +|   0|  0|  71|          64|          64|
    |add_ln1466_fu_336_p2   |         +|   0|  0|  13|          10|          10|
    |add_ln1474_fu_442_p2   |         +|   0|  0|  13|          10|          10|
    |i1_2_fu_326_p2         |         +|   0|  0|  71|          64|           1|
    |j1_fu_454_p2           |         +|   0|  0|  71|          64|          64|
    |j_11_fu_448_p2         |         +|   0|  0|  12|          11|           1|
    |u_233_fu_492_p2        |         +|   0|  0|  12|          11|           1|
    |u_fu_366_p2            |         +|   0|  0|  13|           4|           2|
    |icmp_ln1453_fu_289_p2  |      icmp|   0|  0|   8|           3|           1|
    |icmp_ln1459_fu_320_p2  |      icmp|   0|  0|  25|          55|           1|
    |icmp_ln1468_fu_418_p2  |      icmp|   0|  0|  29|          64|          64|
    |icmp_ln1493_fu_486_p2  |      icmp|   0|  0|  12|          11|          12|
    |or_ln1467_fu_355_p2    |        or|   0|  0|  11|          11|           1|
    |xor_ln1473_fu_428_p2   |       xor|   0|  0|  11|          10|          11|
    |xor_ln1475_fu_468_p2   |       xor|   0|  0|  11|          11|          10|
    |xor_ln147_fu_403_p2    |       xor|   0|  0|  65|          64|          65|
    +-----------------------+----------+----+---+----+------------+------------+
    |Total                  |          |   0|  0| 448|         467|         318|
    +-----------------------+----------+----+---+----+------------+------------+

    * Multiplexer: 
    +--------------------+----+-----------+-----+-----------+
    |        Name        | LUT| Input Size| Bits| Total Bits|
    +--------------------+----+-----------+-----+-----------+
    |ap_NS_fsm           |  65|         14|    1|         14|
    |f_address0          |  31|          6|   10|         60|
    |f_address1          |  31|          6|   10|         60|
    |f_d1                |  14|          3|   64|        192|
    |grp_fu_198_opcode   |  14|          3|    2|          6|
    |grp_fu_198_p0       |  14|          3|   64|        192|
    |grp_fu_198_p1       |  14|          3|   64|        192|
    |grp_fu_204_p0       |  14|          3|   64|        192|
    |grp_fu_204_p1       |  14|          3|   64|        192|
    |grp_fu_220_p0       |  14|          3|   64|        192|
    |grp_fu_220_p1       |  14|          3|   64|        192|
    |i1_reg_166          |   9|          2|   64|        128|
    |indvars_iv_reg_156  |   9|          2|   64|        128|
    |j1_8_reg_177        |   9|          2|   64|        128|
    |j_03_reg_189        |   9|          2|   11|         22|
    |m_fu_66             |   9|          2|   10|         20|
    |reg_250             |   9|          2|   64|        128|
    |t_06_fu_74          |   9|          2|   64|        128|
    |u_08_fu_70          |   9|          2|    4|          8|
    |u_11_fu_78          |   9|          2|   11|         22|
    +--------------------+----+-----------+-----+-----------+
    |Total               | 320|         68|  827|       2196|
    +--------------------+----+-----------+-----+-----------+

    * Register: 
    +----------------------+----+----+-----+-----------+
    |         Name         | FF | LUT| Bits| Const Bits|
    +----------------------+----+----+-----+-----------+
    |add_ln1474_reg_597    |  10|   0|   10|          0|
    |ap_CS_fsm             |  13|   0|   13|          0|
    |dt_reg_535            |  63|   0|   64|          1|
    |f_addr_10_reg_629     |  10|   0|   10|          0|
    |f_addr_7_reg_587      |  10|   0|   10|          0|
    |f_addr_8_reg_592      |  10|   0|   10|          0|
    |f_addr_9_reg_624      |  10|   0|   10|          0|
    |f_addr_reg_681        |  10|   0|   10|          0|
    |i1_2_reg_557          |  64|   0|   64|          0|
    |i1_reg_166            |  64|   0|   64|          0|
    |indvars_iv_reg_156    |  64|   0|   64|          0|
    |j1_8_reg_177          |  64|   0|   64|          0|
    |j_03_reg_189          |  11|   0|   11|          0|
    |j_11_reg_603          |  11|   0|   11|          0|
    |m_fu_66               |  10|   0|   10|          0|
    |reg_250               |  64|   0|   64|          0|
    |s_im_reg_578          |  64|   0|   64|          0|
    |s_re_reg_572          |  64|   0|   64|          0|
    |t_06_fu_74            |  64|   0|   64|          0|
    |t_reg_527             |  64|   0|   64|          0|
    |trunc_ln1455_reg_549  |  11|   0|   11|          0|
    |u_08_fu_70            |   4|   0|    4|          0|
    |u_11_fu_78            |  11|   0|   11|          0|
    |x_im_reg_618          |  64|   0|   64|          0|
    +----------------------+----+----+-----+-----------+
    |Total                 | 834|   0|  835|          1|
    +----------------------+----+----+-----+-----------+



================================================================
== Interface
================================================================
* Summary: 
+------------+-----+-----+------------+--------------+--------------+
|  RTL Ports | Dir | Bits|  Protocol  | Source Object|    C Type    |
+------------+-----+-----+------------+--------------+--------------+
|ap_clk      |   in|    1|  ap_ctrl_hs|          iFFT|  return value|
|ap_rst      |   in|    1|  ap_ctrl_hs|          iFFT|  return value|
|ap_start    |   in|    1|  ap_ctrl_hs|          iFFT|  return value|
|ap_done     |  out|    1|  ap_ctrl_hs|          iFFT|  return value|
|ap_idle     |  out|    1|  ap_ctrl_hs|          iFFT|  return value|
|ap_ready    |  out|    1|  ap_ctrl_hs|          iFFT|  return value|
|f_address0  |  out|   10|   ap_memory|             f|         array|
|f_ce0       |  out|    1|   ap_memory|             f|         array|
|f_we0       |  out|    1|   ap_memory|             f|         array|
|f_d0        |  out|   64|   ap_memory|             f|         array|
|f_q0        |   in|   64|   ap_memory|             f|         array|
|f_address1  |  out|   10|   ap_memory|             f|         array|
|f_ce1       |  out|    1|   ap_memory|             f|         array|
|f_we1       |  out|    1|   ap_memory|             f|         array|
|f_d1        |  out|   64|   ap_memory|             f|         array|
|f_q1        |   in|   64|   ap_memory|             f|         array|
+------------+-----+-----+------------+--------------+--------------+

