

================================================================
== Vitis HLS Report for 'make_fg_1'
================================================================
* Date:           Mon Mar  4 11:09:21 2024

* Version:        2022.1 (Build 3526262 on Mon Apr 18 15:47:01 MDT 2022)
* Project:        hls_ip
* Solution:       solution1 (Vivado IP Flow Target)
* Product family: zynq
* Target device:  xc7z020-clg400-1


================================================================
== Performance Estimates
================================================================
+ Timing: 
    * Summary: 
    +--------+---------+-----------+------------+
    |  Clock |  Target | Estimated | Uncertainty|
    +--------+---------+-----------+------------+
    |ap_clk  |  0.10 us|  72.829 ns|    27.00 ns|
    +--------+---------+-----------+------------+

+ Latency: 
    * Summary: 
    +---------+---------+----------+----------+-----+-----+---------+
    |  Latency (cycles) |  Latency (absolute) |  Interval | Pipeline|
    |   min   |   max   |    min   |    max   | min | max |   Type  |
    +---------+---------+----------+----------+-----+-----+---------+
    |        ?|        ?|         ?|         ?|    ?|    ?|       no|
    +---------+---------+----------+----------+-----+-----+---------+

    + Detail: 
        * Instance: 
        +----------------------------+-----------------+---------+---------+----------+----------+-----+-----+---------+
        |                            |                 |  Latency (cycles) |  Latency (absolute) |  Interval | Pipeline|
        |          Instance          |      Module     |   min   |   max   |    min   |    max   | min | max |   Type  |
        +----------------------------+-----------------+---------+---------+----------+----------+-----+-----+---------+
        |grp_make_fg_step_1_fu_234   |make_fg_step_1   |        ?|        ?|         ?|         ?|    ?|    ?|       no|
        |grp_modp_montymul_fu_255    |modp_montymul    |        0|        0|      0 ns|      0 ns|    0|    0|       no|
        |grp_modp_montymul_fu_265    |modp_montymul    |        0|        0|      0 ns|      0 ns|    0|    0|       no|
        |grp_modp_NTT2_ext_1_fu_281  |modp_NTT2_ext_1  |        ?|        ?|         ?|         ?|    ?|    ?|       no|
        +----------------------------+-----------------+---------+---------+----------+----------+-----+-----+---------+

        * Loop: 
        +--------------------+---------+---------+----------+-----------+-----------+------+----------+
        |                    |  Latency (cycles) | Iteration|  Initiation Interval  | Trip |          |
        |      Loop Name     |   min   |   max   |  Latency |  achieved |   target  | Count| Pipelined|
        +--------------------+---------+---------+----------+-----------+-----------+------+----------+
        |- make_fg_loop1     |     3072|     3072|         3|          -|          -|  1024|        no|
        |- VITIS_LOOP_808_1  |       62|       62|         2|          -|          -|    31|        no|
        |- VITIS_LOOP_962_2  |     3072|     3072|         3|          -|          -|  1024|        no|
        |- make_fg_loop2     |        ?|        ?|         ?|          -|          -|     ?|        no|
        +--------------------+---------+---------+----------+-----------+-----------+------+----------+



================================================================
== Utilization Estimates
================================================================
* Summary: 
+-----------------+---------+-----+--------+-------+-----+
|       Name      | BRAM_18K| DSP |   FF   |  LUT  | URAM|
+-----------------+---------+-----+--------+-------+-----+
|DSP              |        -|    -|       -|      -|    -|
|Expression       |        -|    -|       0|    676|    -|
|FIFO             |        -|    -|       -|      -|    -|
|Instance         |        9|  158|    9602|  17908|    -|
|Memory           |        1|    -|       0|      0|    -|
|Multiplexer      |        -|    -|       -|    480|    -|
|Register         |        -|    -|     356|      -|    -|
+-----------------+---------+-----+--------+-------+-----+
|Total            |       10|  158|    9958|  19064|    0|
+-----------------+---------+-----+--------+-------+-----+
|Available        |      280|  220|  106400|  53200|    0|
+-----------------+---------+-----+--------+-------+-----+
|Utilization (%)  |        3|   71|       9|     35|    0|
+-----------------+---------+-----+--------+-------+-----+

+ Detail: 
    * Instance: 
    +----------------------------+-----------------+---------+-----+------+-------+-----+
    |          Instance          |      Module     | BRAM_18K| DSP |  FF  |  LUT  | URAM|
    +----------------------------+-----------------+---------+-----+------+-------+-----+
    |grp_make_fg_step_1_fu_234   |make_fg_step_1   |        9|  129|  8595|  16097|    0|
    |grp_modp_NTT2_ext_1_fu_281  |modp_NTT2_ext_1  |        0|   11|  1007|   1323|    0|
    |grp_modp_montymul_fu_255    |modp_montymul    |        0|    9|     0|    244|    0|
    |grp_modp_montymul_fu_265    |modp_montymul    |        0|    9|     0|    244|    0|
    +----------------------------+-----------------+---------+-----+------+-------+-----+
    |Total                       |                 |        9|  158|  9602|  17908|    0|
    +----------------------------+-----------------+---------+-----+------+-------+-----+

    * DSP: 
    N/A

    * Memory: 
    +---------+--------------------------------+---------+---+----+-----+------+-----+------+-------------+
    |  Memory |             Module             | BRAM_18K| FF| LUT| URAM| Words| Bits| Banks| W*Bits*Banks|
    +---------+--------------------------------+---------+---+----+-----+------+-----+------+-------------+
    |REV10_U  |modp_mkgm2_1_REV10_ROM_AUTO_1R  |        1|  0|   0|    0|  1024|   10|     1|        10240|
    +---------+--------------------------------+---------+---+----+-----+------+-----+------+-------------+
    |Total    |                                |        1|  0|   0|    0|  1024|   10|     1|        10240|
    +---------+--------------------------------+---------+---+----+-----+------+-----+------+-------------+

    * FIFO: 
    N/A

    * Expression: 
    +----------------------------------+----------+----+---+-----+------------+------------+
    |           Variable Name          | Operation| DSP| FF| LUT | Bitwidth P0| Bitwidth P1|
    +----------------------------------+----------+----+---+-----+------------+------------+
    |add_ln3009_fu_410_p2              |         +|   0|  0|   20|          15|          15|
    |add_ln3010_1_fu_456_p2            |         +|   0|  0|   20|          15|          15|
    |add_ln967_1_fu_649_p2             |         +|   0|  0|   20|          15|          15|
    |add_ln968_fu_687_p2               |         +|   0|  0|   20|          15|          15|
    |d_11_fu_485_p2                    |         +|   0|  0|   39|          32|           1|
    |gm_fu_583_p2                      |         +|   0|  0|   20|          15|          14|
    |gt_fu_306_p2                      |         +|   0|  0|   20|          15|          13|
    |i_17_fu_572_p2                    |         +|   0|  0|   14|           6|           2|
    |u_212_fu_332_p2                   |         +|   0|  0|   12|          11|           1|
    |u_214_fu_621_p2                   |         +|   0|  0|   12|          11|           1|
    |w_66_fu_392_p2                    |         +|   0|  0|   39|          32|          32|
    |w_68_fu_450_p2                    |         +|   0|  0|   39|          32|          32|
    |sub_ln3029_fu_491_p2              |         -|   0|  0|   39|           4|          32|
    |and_ln3013_fu_352_p2              |       and|   0|  0|    2|           1|           1|
    |and_ln813_fu_560_p2               |       and|   0|  0|   32|          32|          32|
    |ap_block_state14_on_subcall_done  |       and|   0|  0|    2|           1|           1|
    |icmp_ln3008_fu_326_p2             |      icmp|   0|  0|   12|          11|          12|
    |icmp_ln3013_fu_347_p2             |      icmp|   0|  0|   18|          32|           1|
    |icmp_ln3030_1_fu_498_p2           |      icmp|   0|  0|   18|          32|           1|
    |icmp_ln3030_2_fu_505_p2           |      icmp|   0|  0|   18|          32|          32|
    |icmp_ln3030_fu_480_p2             |      icmp|   0|  0|   18|          32|          32|
    |icmp_ln962_fu_615_p2              |      icmp|   0|  0|   12|          11|          12|
    |lshr_ln813_fu_542_p2              |      lshr|   0|  0|  100|          31|          32|
    |or_ln3030_fu_510_p2               |        or|   0|  0|    2|           1|           1|
    |select_ln635_18_fu_442_p3         |    select|   0|  0|   31|           1|          31|
    |select_ln635_fu_384_p3            |    select|   0|  0|   31|           1|          31|
    |select_ln813_fu_552_p3            |    select|   0|  0|    2|           1|           2|
    |xor_ln813_fu_536_p2               |       xor|   0|  0|   32|          32|          32|
    |z_128_fu_566_p2                   |       xor|   0|  0|   32|          32|          32|
    +----------------------------------+----------+----+---+-----+------------+------------+
    |Total                             |          |   0|  0|  676|         501|         473|
    +----------------------------------+----------+----+---+-----+------------+------------+

    * Multiplexer: 
    +------------------------------+----+-----------+-----+-----------+
    |             Name             | LUT| Input Size| Bits| Total Bits|
    +------------------------------+----+-----------+-----+-----------+
    |REV10_address0                |  14|          3|   10|         30|
    |ap_NS_fsm                     |  65|         15|    1|         15|
    |d_10_fu_124                   |  20|          4|   32|        128|
    |grp_modp_NTT2_ext_1_fu_281_a  |  14|          3|   15|         45|
    |grp_modp_montymul_fu_255_a    |  25|          5|   32|        160|
    |grp_modp_montymul_fu_255_b    |  31|          6|   32|        192|
    |grp_modp_montymul_fu_255_p    |  14|          3|   32|         96|
    |grp_modp_montymul_fu_255_p0i  |  14|          3|   32|         96|
    |grp_modp_montymul_fu_265_a    |  20|          4|   32|        128|
    |grp_modp_montymul_fu_265_b    |  20|          4|   32|        128|
    |grp_modp_montymul_fu_265_p    |  14|          3|   32|         96|
    |grp_modp_montymul_fu_265_p0i  |  14|          3|   32|         96|
    |i_fu_128                      |   9|          2|    6|         12|
    |u_07_fu_120                   |   9|          2|   11|         22|
    |u_134_fu_132                  |   9|          2|   11|         22|
    |vla18_address0                |  37|          7|   13|         91|
    |vla18_address1                |  14|          3|   13|         39|
    |vla18_ce0                     |  20|          4|    1|          4|
    |vla18_ce1                     |  14|          3|    1|          3|
    |vla18_d0                      |  37|          7|   32|        224|
    |vla18_d1                      |  14|          3|   32|         96|
    |vla18_we0                     |  20|          4|    4|         16|
    |vla18_we1                     |  14|          3|    4|         12|
    |x1_fu_136                     |   9|          2|   32|         64|
    |x2_fu_140                     |   9|          2|   32|         64|
    +------------------------------+----+-----------+-----+-----------+
    |Total                         | 480|        100|  506|       1879|
    +------------------------------+----+-----------+-----+-----------+

    * Register: 
    +-----------------------------------------+----+----+-----+-----------+
    |                   Name                  | FF | LUT| Bits| Const Bits|
    +-----------------------------------------+----+----+-----+-----------+
    |and_ln3013_reg_778                       |   1|   0|    1|          0|
    |ap_CS_fsm                                |  14|   0|   14|          0|
    |d_10_fu_124                              |  32|   0|   32|          0|
    |empty_reg_746                            |  15|   0|   15|          0|
    |gm_reg_865                               |  15|   0|   15|          0|
    |grp_make_fg_step_1_fu_234_ap_start_reg   |   1|   0|    1|          0|
    |grp_modp_NTT2_ext_1_fu_281_ap_start_reg  |   1|   0|    1|          0|
    |gt_reg_754                               |  15|   0|   15|          0|
    |i_fu_128                                 |   6|   0|    6|          0|
    |icmp_ln3030_1_reg_821                    |   1|   0|    1|          0|
    |ig_reg_860                               |  32|   0|   32|          0|
    |lshr_ln84_reg_803                        |  13|   0|   13|          0|
    |lshr_ln86_reg_879                        |  13|   0|   13|          0|
    |or_ln3030_reg_826                        |   1|   0|    1|          0|
    |sub_ln3029_reg_816                       |  32|   0|   32|          0|
    |trunc_ln3009_reg_768                     |  10|   0|   10|          0|
    |trunc_ln3030_reg_808                     |   4|   0|    4|          0|
    |u_07_fu_120                              |  11|   0|   11|          0|
    |u_134_fu_132                             |  11|   0|   11|          0|
    |w_68_reg_798                             |  32|   0|   32|          0|
    |x1_fu_136                                |  32|   0|   32|          0|
    |x2_fu_140                                |  32|   0|   32|          0|
    |z_128_reg_834                            |  32|   0|   32|          0|
    +-----------------------------------------+----+----+-----+-----------+
    |Total                                    | 356|   0|  356|          0|
    +-----------------------------------------+----+----+-----+-----------+



================================================================
== Interface
================================================================
* Summary: 
+----------------+-----+-----+------------+----------------+--------------+
|    RTL Ports   | Dir | Bits|  Protocol  |  Source Object |    C Type    |
+----------------+-----+-----+------------+----------------+--------------+
|ap_clk          |   in|    1|  ap_ctrl_hs|       make_fg.1|  return value|
|ap_rst          |   in|    1|  ap_ctrl_hs|       make_fg.1|  return value|
|ap_start        |   in|    1|  ap_ctrl_hs|       make_fg.1|  return value|
|ap_done         |  out|    1|  ap_ctrl_hs|       make_fg.1|  return value|
|ap_idle         |  out|    1|  ap_ctrl_hs|       make_fg.1|  return value|
|ap_ready        |  out|    1|  ap_ctrl_hs|       make_fg.1|  return value|
|vla18_address0  |  out|   13|   ap_memory|           vla18|         array|
|vla18_ce0       |  out|    1|   ap_memory|           vla18|         array|
|vla18_we0       |  out|    4|   ap_memory|           vla18|         array|
|vla18_d0        |  out|   32|   ap_memory|           vla18|         array|
|vla18_q0        |   in|   32|   ap_memory|           vla18|         array|
|vla18_address1  |  out|   13|   ap_memory|           vla18|         array|
|vla18_ce1       |  out|    1|   ap_memory|           vla18|         array|
|vla18_we1       |  out|    4|   ap_memory|           vla18|         array|
|vla18_d1        |  out|   32|   ap_memory|           vla18|         array|
|vla18_q1        |   in|   32|   ap_memory|           vla18|         array|
|data            |   in|   64|     ap_none|            data|        scalar|
|f_address0      |  out|   10|   ap_memory|               f|         array|
|f_ce0           |  out|    1|   ap_memory|               f|         array|
|f_q0            |   in|    8|   ap_memory|               f|         array|
|g_address0      |  out|   10|   ap_memory|               g|         array|
|g_ce0           |  out|    1|   ap_memory|               g|         array|
|g_q0            |   in|    8|   ap_memory|               g|         array|
|depth           |   in|   32|     ap_none|           depth|        scalar|
|out_ntt_offset  |   in|    1|     ap_none|  out_ntt_offset|        scalar|
+----------------+-----+-----+------------+----------------+--------------+

