

================================================================
== Vitis HLS Report for 'mq_NTT'
================================================================
* Date:           Mon Mar  4 11:09:15 2024

* Version:        2022.1 (Build 3526262 on Mon Apr 18 15:47:01 MDT 2022)
* Project:        hls_ip
* Solution:       solution1 (Vivado IP Flow Target)
* Product family: zynq
* Target device:  xc7z020-clg400-1


================================================================
== Performance Estimates
================================================================
+ Timing: 
    * Summary: 
    +--------+---------+-----------+------------+
    |  Clock |  Target | Estimated | Uncertainty|
    +--------+---------+-----------+------------+
    |ap_clk  |  0.10 us|  16.811 ns|    27.00 ns|
    +--------+---------+-----------+------------+

+ Latency: 
    * Summary: 
    +---------+---------+----------+----------+-----+-----+---------+
    |  Latency (cycles) |  Latency (absolute) |  Interval | Pipeline|
    |   min   |   max   |    min   |    max   | min | max |   Type  |
    +---------+---------+----------+----------+-----+-----+---------+
    |        ?|        ?|         ?|         ?|    ?|    ?|       no|
    +---------+---------+----------+----------+-----+-----+---------+

    + Detail: 
        * Instance: 
        N/A

        * Loop: 
        +-----------------------+---------+---------+----------+-----------+-----------+----------+----------+
        |                       |  Latency (cycles) | Iteration|  Initiation Interval  |   Trip   |          |
        |       Loop Name       |   min   |   max   |  Latency |  achieved |   target  |   Count  | Pipelined|
        +-----------------------+---------+---------+----------+-----------+-----------+----------+----------+
        |- VITIS_LOOP_511_1     |        ?|        ?|         ?|          -|          -|        10|        no|
        | + VITIS_LOOP_515_2    |        ?|        ?|         ?|          -|          -|  0 ~ 1023|        no|
        |  ++ VITIS_LOOP_521_3  |        ?|        ?|        12|          -|          -|         ?|        no|
        +-----------------------+---------+---------+----------+-----------+-----------+----------+----------+



================================================================
== Utilization Estimates
================================================================
* Summary: 
+-----------------+---------+-----+--------+-------+-----+
|       Name      | BRAM_18K| DSP |   FF   |  LUT  | URAM|
+-----------------+---------+-----+--------+-------+-----+
|DSP              |        -|    3|       -|      -|    -|
|Expression       |        -|    -|       0|    384|    -|
|FIFO             |        -|    -|       -|      -|    -|
|Instance         |        -|    -|       -|      -|    -|
|Memory           |        1|    -|       0|      0|    -|
|Multiplexer      |        -|    -|       -|    169|    -|
|Register         |        -|    -|     238|      -|    -|
+-----------------+---------+-----+--------+-------+-----+
|Total            |        1|    3|     238|    553|    0|
+-----------------+---------+-----+--------+-------+-----+
|Available        |      280|  220|  106400|  53200|    0|
+-----------------+---------+-----+--------+-------+-----+
|Utilization (%)  |       ~0|    1|      ~0|      1|    0|
+-----------------+---------+-----+--------+-------+-----+

+ Detail: 
    * Instance: 
    N/A

    * DSP: 
    +---------------------------------------+----------------------------------+--------------+
    |                Instance               |              Module              |  Expression  |
    +---------------------------------------+----------------------------------+--------------+
    |mac_muladd_16ns_14ns_30ns_31_4_1_U112  |mac_muladd_16ns_14ns_30ns_31_4_1  |  i0 * i1 + i2|
    |mul_mul_16ns_14ns_30_4_1_U110          |mul_mul_16ns_14ns_30_4_1          |       i0 * i1|
    |mul_mul_16s_14ns_16_4_1_U111           |mul_mul_16s_14ns_16_4_1           |       i0 * i1|
    +---------------------------------------+----------------------------------+--------------+

    * Memory: 
    +-------+------------------------+---------+---+----+-----+------+-----+------+-------------+
    | Memory|         Module         | BRAM_18K| FF| LUT| URAM| Words| Bits| Banks| W*Bits*Banks|
    +-------+------------------------+---------+---+----+-----+------+-----+------+-------------+
    |GMb_U  |mq_NTT_GMb_ROM_AUTO_1R  |        1|  0|   0|    0|  1024|   14|     1|        14336|
    +-------+------------------------+---------+---+----+-----+------+-----+------+-------------+
    |Total  |                        |        1|  0|   0|    0|  1024|   14|     1|        14336|
    +-------+------------------------+---------+---+----+-----+------+-----+------+-------------+

    * FIFO: 
    N/A

    * Expression: 
    +------------------------+----------+----+---+----+------------+------------+
    |      Variable Name     | Operation| DSP| FF| LUT| Bitwidth P0| Bitwidth P1|
    +------------------------+----------+----+---+----+------------+------------+
    |add_ln356_fu_360_p2     |         +|   0|  0|  24|          17|          15|
    |add_ln515_fu_284_p2     |         +|   0|  0|  27|          20|          20|
    |add_ln519_fu_214_p2     |         +|   0|  0|  13|          10|          10|
    |add_ln525_fu_258_p2     |         +|   0|  0|  13|          10|          10|
    |add_ln526_3_fu_384_p2   |         +|   0|  0|  23|          16|          16|
    |add_ln526_4_fu_390_p2   |         +|   0|  0|  16|          16|          16|
    |add_ln526_fu_404_p2     |         +|   0|  0|  16|          16|          16|
    |add_ln527_fu_437_p2     |         +|   0|  0|  23|          16|          16|
    |d_fu_370_p2             |         +|   0|  0|  25|          18|          18|
    |i_fu_205_p2             |         +|   0|  0|  13|          10|           1|
    |j1_fu_278_p2            |         +|   0|  0|  27|          20|          20|
    |j_9_fu_268_p2           |         +|   0|  0|  27|          20|           1|
    |z_90_fu_324_p2          |         +|   0|  0|  20|          15|          15|
    |z_92_fu_350_p2          |         +|   0|  0|  23|          16|          16|
    |d_5_fu_411_p2           |         -|   0|  0|  25|          18|          18|
    |icmp_ln515_fu_200_p2    |      icmp|   0|  0|  11|          11|          11|
    |icmp_ln521_fu_248_p2    |      icmp|   0|  0|  14|          20|          20|
    |select_ln422_fu_342_p3  |    select|   0|  0|  14|           1|          14|
    |select_ln526_fu_396_p3  |    select|   0|  0|  16|           1|          15|
    |select_ln527_fu_429_p3  |    select|   0|  0|  14|           1|          14|
    +------------------------+----------+----+---+----+------------+------------+
    |Total                   |          |   0|  0| 384|         272|         282|
    +------------------------+----------+----+---+----+------------+------------+

    * Multiplexer: 
    +--------------------+----+-----------+-----+-----------+
    |        Name        | LUT| Input Size| Bits| Total Bits|
    +--------------------+----+-----------+-----+-----------+
    |a_address0          |  20|          4|   10|         40|
    |a_d0                |  14|          3|   16|         48|
    |ap_NS_fsm           |  81|         17|    1|         17|
    |i_04_reg_133        |   9|          2|   10|         20|
    |indvars_iv_reg_111  |   9|          2|   20|         40|
    |j1_4_reg_121        |   9|          2|   20|         40|
    |j_02_reg_144        |   9|          2|   20|         40|
    |m_fu_74             |   9|          2|   11|         22|
    |t_fu_70             |   9|          2|   11|         22|
    +--------------------+----+-----------+-----+-----------+
    |Total               | 169|         36|  119|        289|
    +--------------------+----+-----------+-----+-----------+

    * Register: 
    +--------------------+----+----+-----+-----------+
    |        Name        | FF | LUT| Bits| Const Bits|
    +--------------------+----+----+-----+-----------+
    |a_addr_1_reg_526    |  10|   0|   10|          0|
    |a_addr_reg_521      |  10|   0|   10|          0|
    |add_ln527_reg_571   |  16|   0|   16|          0|
    |ap_CS_fsm           |  16|   0|   16|          0|
    |ht_reg_485          |  10|   0|   10|          0|
    |i_04_reg_133        |  10|   0|   10|          0|
    |i_reg_503           |  10|   0|   10|          0|
    |indvars_iv_reg_111  |  20|   0|   20|          0|
    |j1_4_reg_121        |  20|   0|   20|          0|
    |j_02_reg_144        |  20|   0|   20|          0|
    |j_9_reg_531         |  20|   0|   20|          0|
    |m_fu_74             |  11|   0|   11|          0|
    |t_fu_70             |  11|   0|   11|          0|
    |z_reg_551           |  30|   0|   30|          0|
    |zext_ln514_reg_490  |  10|   0|   11|          1|
    |zext_ln517_reg_513  |  14|   0|   30|         16|
    +--------------------+----+----+-----+-----------+
    |Total               | 238|   0|  255|         17|
    +--------------------+----+----+-----+-----------+



================================================================
== Interface
================================================================
* Summary: 
+------------+-----+-----+------------+--------------+--------------+
|  RTL Ports | Dir | Bits|  Protocol  | Source Object|    C Type    |
+------------+-----+-----+------------+--------------+--------------+
|ap_clk      |   in|    1|  ap_ctrl_hs|        mq_NTT|  return value|
|ap_rst      |   in|    1|  ap_ctrl_hs|        mq_NTT|  return value|
|ap_start    |   in|    1|  ap_ctrl_hs|        mq_NTT|  return value|
|ap_done     |  out|    1|  ap_ctrl_hs|        mq_NTT|  return value|
|ap_idle     |  out|    1|  ap_ctrl_hs|        mq_NTT|  return value|
|ap_ready    |  out|    1|  ap_ctrl_hs|        mq_NTT|  return value|
|a_address0  |  out|   10|   ap_memory|             a|         array|
|a_ce0       |  out|    1|   ap_memory|             a|         array|
|a_we0       |  out|    1|   ap_memory|             a|         array|
|a_d0        |  out|   16|   ap_memory|             a|         array|
|a_q0        |   in|   16|   ap_memory|             a|         array|
+------------+-----+-----+------------+--------------+--------------+

