

================================================================
== Vitis HLS Report for 'poly_sub_scaled_1'
================================================================
* Date:           Mon Mar  4 11:09:23 2024

* Version:        2022.1 (Build 3526262 on Mon Apr 18 15:47:01 MDT 2022)
* Project:        hls_ip
* Solution:       solution1 (Vivado IP Flow Target)
* Product family: zynq
* Target device:  xc7z020-clg400-1


================================================================
== Performance Estimates
================================================================
+ Timing: 
    * Summary: 
    +--------+---------+-----------+------------+
    |  Clock |  Target | Estimated | Uncertainty|
    +--------+---------+-----------+------------+
    |ap_clk  |  0.10 us|  23.630 ns|    27.00 ns|
    +--------+---------+-----------+------------+

+ Latency: 
    * Summary: 
    +---------+---------+----------+----------+-----+-----+---------+
    |  Latency (cycles) |  Latency (absolute) |  Interval | Pipeline|
    |   min   |   max   |    min   |    max   | min | max |   Type  |
    +---------+---------+----------+----------+-----+-----+---------+
    |        ?|        ?|         ?|         ?|    ?|    ?|       no|
    +---------+---------+----------+----------+-----+-----+---------+

    + Detail: 
        * Instance: 
        N/A

        * Loop: 
        +------------------------+---------+---------+----------+-----------+-----------+------+----------+
        |                        |  Latency (cycles) | Iteration|  Initiation Interval  | Trip |          |
        |        Loop Name       |   min   |   max   |  Latency |  achieved |   target  | Count| Pipelined|
        +------------------------+---------+---------+----------+-----------+-----------+------+----------+
        |- VITIS_LOOP_2415_1     |        ?|        ?|         ?|          -|          -|     ?|        no|
        | + VITIS_LOOP_2427_2    |        ?|        ?|         ?|          -|          -|     ?|        no|
        |  ++ VITIS_LOOP_2225_1  |        ?|        ?|         2|          -|          -|     ?|        no|
        +------------------------+---------+---------+----------+-----------+-----------+------+----------+



================================================================
== Utilization Estimates
================================================================
* Summary: 
+-----------------+---------+-----+--------+-------+-----+
|       Name      | BRAM_18K| DSP |   FF   |  LUT  | URAM|
+-----------------+---------+-----+--------+-------+-----+
|DSP              |        -|    -|       -|      -|    -|
|Expression       |        -|    -|       0|   1728|    -|
|FIFO             |        -|    -|       -|      -|    -|
|Instance         |        -|    3|       0|     20|    -|
|Memory           |        -|    -|       -|      -|    -|
|Multiplexer      |        -|    -|       -|    166|    -|
|Register         |        -|    -|    1163|      -|    -|
+-----------------+---------+-----+--------+-------+-----+
|Total            |        0|    3|    1163|   1914|    0|
+-----------------+---------+-----+--------+-------+-----+
|Available        |      280|  220|  106400|  53200|    0|
+-----------------+---------+-----+--------+-------+-----+
|Utilization (%)  |        0|    1|       1|      3|    0|
+-----------------+---------+-----+--------+-------+-----+

+ Detail: 
    * Instance: 
    +--------------------------+---------------------+---------+----+---+----+-----+
    |         Instance         |        Module       | BRAM_18K| DSP| FF| LUT| URAM|
    +--------------------------+---------------------+---------+----+---+----+-----+
    |mul_31ns_32s_63_1_1_U365  |mul_31ns_32s_63_1_1  |        0|   3|  0|  20|    0|
    +--------------------------+---------------------+---------+----+---+----+-----+
    |Total                     |                     |        0|   3|  0|  20|    0|
    +--------------------------+---------------------+---------+----+---+----+-----+

    * DSP: 
    N/A

    * Memory: 
    N/A

    * FIFO: 
    N/A

    * Expression: 
    +------------------------+----------+----+---+-----+------------+------------+
    |      Variable Name     | Operation| DSP| FF| LUT | Bitwidth P0| Bitwidth P1|
    +------------------------+----------+----+---+-----+------------+------------+
    |add_ln2222_1_fu_464_p2  |         +|   0|  0|   20|          15|          15|
    |add_ln2222_2_fu_451_p2  |         +|   0|  0|   13|          13|          13|
    |add_ln2222_fu_445_p2    |         +|   0|  0|   13|          13|           2|
    |add_ln2234_1_fu_566_p2  |         +|   0|  0|   20|          15|          15|
    |add_ln2234_fu_553_p2    |         +|   0|  0|   14|          13|          13|
    |add_ln2241_1_fu_717_p2  |         +|   0|  0|   41|          34|          34|
    |add_ln2241_fu_602_p2    |         +|   0|  0|   20|          15|          15|
    |add_ln2415_fu_364_p2    |         +|   0|  0|   69|          62|          62|
    |add_ln2422_fu_392_p2    |         +|   0|  0|   20|          15|          15|
    |add_ln2431_fu_629_p2    |         +|   0|  0|   71|          64|          64|
    |add_ln2439_fu_665_p2    |         +|   0|  0|   71|          64|          64|
    |sub4_fu_308_p2          |         +|   0|  0|   71|          64|           2|
    |u_195_fu_374_p2         |         +|   0|  0|   71|          64|           1|
    |u_196_fu_623_p2         |         +|   0|  0|   71|          64|           1|
    |v_33_fu_435_p2          |         +|   0|  0|   71|          64|           1|
    |x_27_fu_645_p2          |         +|   0|  0|   71|          64|          64|
    |x_fu_425_p2             |         +|   0|  0|   71|          64|          64|
    |z_fu_727_p2             |         +|   0|  0|   70|          63|          63|
    |kf_2_fu_639_p2          |         -|   0|  0|   39|           1|          32|
    |kf_fu_412_p2            |         -|   0|  0|   39|           1|          32|
    |sub9_i_fu_322_p2        |         -|   0|  0|   14|           5|           6|
    |sub_ln2222_fu_506_p2    |         -|   0|  0|   11|           1|           3|
    |v_fu_539_p2             |         -|   0|  0|   71|          64|          64|
    |icmp_ln2225_fu_534_p2   |      icmp|   0|  0|   29|          64|          64|
    |icmp_ln2234_fu_544_p2   |      icmp|   0|  0|   29|          64|          64|
    |icmp_ln2415_fu_369_p2   |      icmp|   0|  0|   29|          64|          64|
    |icmp_ln2427_fu_430_p2   |      icmp|   0|  0|   29|          64|          64|
    |icmp_ln2431_fu_634_p2   |      icmp|   0|  0|   29|          64|          64|
    |tw_2_fu_691_p2          |      lshr|   0|  0|  100|          32|          32|
    |wys_fu_685_p2           |        or|   0|  0|   31|          31|          31|
    |kf_3_fu_650_p3          |    select|   0|  0|   32|           1|          32|
    |wy_fu_670_p3            |    select|   0|  0|   32|           1|          32|
    |x_28_fu_658_p3          |    select|   0|  0|   64|           1|          64|
    |n_fu_302_p2             |       shl|   0|  0|  182|           1|          64|
    |shl_ln2235_fu_676_p2    |       shl|   0|  0|  100|          32|          32|
    +------------------------+----------+----+---+-----+------------+------------+
    |Total                   |          |   0|  0| 1728|        1261|        1252|
    +------------------------+----------+----+---+-----+------------+------------+

    * Multiplexer: 
    +----------------+----+-----------+-----+-----------+
    |      Name      | LUT| Input Size| Bits| Total Bits|
    +----------------+----+-----------+-----+-----------+
    |ap_NS_fsm       |  42|          8|    1|          8|
    |cc_reg_249      |   9|          2|   32|         64|
    |idx_reg_237     |   9|          2|   64|        128|
    |kf_1_reg_227    |   9|          2|   32|         64|
    |phi_mul_fu_96   |   9|          2|   62|        124|
    |tw_reg_261      |   9|          2|   31|         62|
    |u_05_fu_100     |   9|          2|   64|        128|
    |u_122_reg_273   |   9|          2|   64|        128|
    |v_02_reg_215    |   9|          2|   64|        128|
    |vla18_address0  |  20|          4|   13|         52|
    |vla18_address1  |  14|          3|   13|         39|
    |vla18_we1       |   9|          2|    4|          8|
    |x_22_reg_205    |   9|          2|   64|        128|
    +----------------+----+-----------+-----+-----------+
    |Total           | 166|         35|  508|       1061|
    +----------------+----+-----------+-----+-----------+

    * Register: 
    +-----------------------------------+----+----+-----+-----------+
    |                Name               | FF | LUT| Bits| Const Bits|
    +-----------------------------------+----+----+-----+-----------+
    |Fstride_cast2_reg_803              |   9|   0|   62|         53|
    |add_ln2415_reg_848                 |  62|   0|   62|          0|
    |ap_CS_fsm                          |   7|   0|    7|          0|
    |cc_reg_249                         |  32|   0|   32|          0|
    |flen_cast3_reg_798                 |   8|   0|   64|         56|
    |fstride_cast_reg_793               |   8|   0|   64|         56|
    |icmp_ln2234_reg_907                |   1|   0|    1|          0|
    |idx_reg_237                        |  64|   0|   64|          0|
    |kf_1_reg_227                       |  32|   0|   32|          0|
    |n_reg_808                          |  64|   0|   64|          0|
    |phi_mul_fu_96                      |  62|   0|   62|          0|
    |scl_cast_reg_788                   |  32|   0|   32|          0|
    |sext_ln2214_reg_899                |  63|   0|   63|          0|
    |shl_ln2423_cast_reg_830            |   9|   0|   64|         55|
    |sub4_reg_814                       |  64|   0|   64|          0|
    |trunc_ln2222_reg_884               |  13|   0|   13|          0|
    |tw_reg_261                         |  31|   0|   31|          0|
    |u_05_fu_100                        |  64|   0|   64|          0|
    |u_122_cast_cast_cast_cast_reg_819  |  32|   0|   64|         32|
    |u_122_reg_273                      |  64|   0|   64|          0|
    |u_195_reg_856                      |  64|   0|   64|          0|
    |u_196_reg_923                      |  64|   0|   64|          0|
    |u_reg_843                          |  64|   0|   64|          0|
    |v_02_reg_215                       |  64|   0|   64|          0|
    |v_33_reg_879                       |  64|   0|   64|          0|
    |vla18_addr_301_reg_917             |  13|   0|   13|          0|
    |x_22_reg_205                       |  64|   0|   64|          0|
    |zext_ln2222_2_reg_894              |  31|   0|   32|          1|
    |zext_ln2415_reg_835                |   8|   0|   13|          5|
    |zext_ln2423_reg_825                |   6|   0|   32|         26|
    +-----------------------------------+----+----+-----+-----------+
    |Total                              |1163|   0| 1447|        284|
    +-----------------------------------+----+----+-----+-----------+



================================================================
== Interface
================================================================
* Summary: 
+----------------+-----+-----+------------+-------------------+--------------+
|    RTL Ports   | Dir | Bits|  Protocol  |   Source Object   |    C Type    |
+----------------+-----+-----+------------+-------------------+--------------+
|ap_clk          |   in|    1|  ap_ctrl_hs|  poly_sub_scaled.1|  return value|
|ap_rst          |   in|    1|  ap_ctrl_hs|  poly_sub_scaled.1|  return value|
|ap_start        |   in|    1|  ap_ctrl_hs|  poly_sub_scaled.1|  return value|
|ap_done         |  out|    1|  ap_ctrl_hs|  poly_sub_scaled.1|  return value|
|ap_idle         |  out|    1|  ap_ctrl_hs|  poly_sub_scaled.1|  return value|
|ap_ready        |  out|    1|  ap_ctrl_hs|  poly_sub_scaled.1|  return value|
|vla18_address0  |  out|   13|   ap_memory|              vla18|         array|
|vla18_ce0       |  out|    1|   ap_memory|              vla18|         array|
|vla18_q0        |   in|   32|   ap_memory|              vla18|         array|
|vla18_address1  |  out|   13|   ap_memory|              vla18|         array|
|vla18_ce1       |  out|    1|   ap_memory|              vla18|         array|
|vla18_we1       |  out|    4|   ap_memory|              vla18|         array|
|vla18_d1        |  out|   32|   ap_memory|              vla18|         array|
|vla18_q1        |   in|   32|   ap_memory|              vla18|         array|
|F               |   in|   64|     ap_none|                  F|        scalar|
|Flen            |   in|   64|     ap_none|               Flen|        scalar|
|Fstride         |   in|    9|     ap_none|            Fstride|        scalar|
|f_r             |   in|   15|     ap_none|                f_r|        scalar|
|flen_r          |   in|    8|     ap_none|             flen_r|        scalar|
|fstride_r       |   in|    8|     ap_none|          fstride_r|        scalar|
|k               |   in|   15|     ap_none|                  k|        scalar|
|sch             |   in|   28|     ap_none|                sch|        scalar|
|scl             |   in|    6|     ap_none|                scl|        scalar|
|logn            |   in|   32|     ap_none|               logn|        scalar|
+----------------+-----+-----+------------+-------------------+--------------+

