

================================================================
== Vitis HLS Report for 'zint_bezout_1'
================================================================
* Date:           Mon Mar  4 11:09:22 2024

* Version:        2022.1 (Build 3526262 on Mon Apr 18 15:47:01 MDT 2022)
* Project:        hls_ip
* Solution:       solution1 (Vivado IP Flow Target)
* Product family: zynq
* Target device:  xc7z020-clg400-1


================================================================
== Performance Estimates
================================================================
+ Timing: 
    * Summary: 
    +--------+---------+-----------+------------+
    |  Clock |  Target | Estimated | Uncertainty|
    +--------+---------+-----------+------------+
    |ap_clk  |  0.10 us|  52.043 ns|    27.00 ns|
    +--------+---------+-----------+------------+

+ Latency: 
    * Summary: 
    +---------+---------+-----------+-----------+---------+---------+---------+
    |  Latency (cycles) |   Latency (absolute)  |      Interval     | Pipeline|
    |   min   |   max   |    min    |    max    |   min   |   max   |   Type  |
    +---------+---------+-----------+-----------+---------+---------+---------+
    |  2915067|  2915067|  0.292 sec|  0.292 sec|  2915067|  2915067|       no|
    +---------+---------+-----------+-----------+---------+---------+---------+

    + Detail: 
        * Instance: 
        +---------------------------------+----------------------+---------+---------+----------+----------+------+------+---------+
        |                                 |                      |  Latency (cycles) |  Latency (absolute) |   Interval  | Pipeline|
        |             Instance            |        Module        |   min   |   max   |    min   |    max   |  min |  max |   Type  |
        +---------------------------------+----------------------+---------+---------+----------+----------+------+------+---------+
        |grp_zint_co_reduce_mod_1_fu_674  |zint_co_reduce_mod_1  |     2515|     2515|  0.252 ms|  0.252 ms|  2515|  2515|       no|
        +---------------------------------+----------------------+---------+---------+----------+----------+------+------+---------+

        * Loop: 
        +----------------------+---------+---------+----------+-----------+-----------+------+----------+
        |                      |  Latency (cycles) | Iteration|  Initiation Interval  | Trip |          |
        |       Loop Name      |   min   |   max   |  Latency |  achieved |   target  | Count| Pipelined|
        +----------------------+---------+---------+----------+-----------+-----------+------+----------+
        |- Loop 1              |      419|      419|         2|          -|          -|   209|        no|
        |- Loop 2              |      419|      419|         2|          -|          -|   209|        no|
        |- Loop 3              |      208|      208|         1|          -|          -|   208|        no|
        |- Loop 4              |      209|      209|         1|          -|          -|   209|        no|
        |- Loop 5              |      419|      419|         2|          -|          -|   209|        no|
        |- Loop 6              |      419|      419|         2|          -|          -|   209|        no|
        |- VITIS_LOOP_2043_1   |  2912544|  2912544|      6742|          -|          -|   432|        no|
        | + VITIS_LOOP_2066_2  |      417|      417|         2|          -|          -|   209|        no|
        | + VITIS_LOOP_2107_3  |       31|       31|         1|          -|          -|    31|        no|
        | + VITIS_LOOP_1749_1  |      418|      418|         2|          -|          -|   209|        no|
        | + VITIS_LOOP_1716_1  |      418|      418|         2|          -|          -|   209|        no|
        | + VITIS_LOOP_1716_1  |      418|      418|         2|          -|          -|   209|        no|
        |- VITIS_LOOP_2193_4   |      416|      416|         2|          -|          -|   208|        no|
        +----------------------+---------+---------+----------+-----------+-----------+------+----------+



================================================================
== Utilization Estimates
================================================================
* Summary: 
+-----------------+---------+-----+--------+-------+-----+
|       Name      | BRAM_18K| DSP |   FF   |  LUT  | URAM|
+-----------------+---------+-----+--------+-------+-----+
|DSP              |        -|    -|       -|      -|    -|
|Expression       |        -|    -|       0|   5808|    -|
|FIFO             |        -|    -|       -|      -|    -|
|Instance         |        -|  112|     655|   2636|    -|
|Memory           |        -|    -|       -|      -|    -|
|Multiplexer      |        -|    -|       -|    827|    -|
|Register         |        -|    -|    1921|      -|    -|
+-----------------+---------+-----+--------+-------+-----+
|Total            |        0|  112|    2576|   9271|    0|
+-----------------+---------+-----+--------+-------+-----+
|Available        |      280|  220|  106400|  53200|    0|
+-----------------+---------+-----+--------+-------+-----+
|Utilization (%)  |        0|   50|       2|     17|    0|
+-----------------+---------+-----+--------+-------+-----+

+ Detail: 
    * Instance: 
    +---------------------------------+----------------------+---------+----+-----+------+-----+
    |             Instance            |        Module        | BRAM_18K| DSP|  FF |  LUT | URAM|
    +---------------------------------+----------------------+---------+----+-----+------+-----+
    |mul_31s_31s_31_1_1_U343          |mul_31s_31s_31_1_1    |        0|   3|    0|    23|    0|
    |mul_31s_31s_31_1_1_U344          |mul_31s_31s_31_1_1    |        0|   3|    0|    23|    0|
    |mul_31s_31s_31_1_1_U345          |mul_31s_31s_31_1_1    |        0|   3|    0|    23|    0|
    |mul_31s_31s_31_1_1_U346          |mul_31s_31s_31_1_1    |        0|   3|    0|    23|    0|
    |mul_31s_31s_31_1_1_U347          |mul_31s_31s_31_1_1    |        0|   3|    0|    23|    0|
    |mul_31s_31s_31_1_1_U348          |mul_31s_31s_31_1_1    |        0|   3|    0|    23|    0|
    |mul_31s_31s_31_1_1_U349          |mul_31s_31s_31_1_1    |        0|   3|    0|    23|    0|
    |mul_31s_31s_31_1_1_U350          |mul_31s_31s_31_1_1    |        0|   3|    0|    23|    0|
    |mul_31s_31s_31_1_1_U351          |mul_31s_31s_31_1_1    |        0|   3|    0|    23|    0|
    |mul_31s_31s_31_1_1_U352          |mul_31s_31s_31_1_1    |        0|   3|    0|    23|    0|
    |mul_31s_31s_31_1_1_U353          |mul_31s_31s_31_1_1    |        0|   3|    0|    23|    0|
    |mul_31s_31s_31_1_1_U354          |mul_31s_31s_31_1_1    |        0|   3|    0|    23|    0|
    |mul_31s_31s_31_1_1_U355          |mul_31s_31s_31_1_1    |        0|   3|    0|    23|    0|
    |mul_31s_31s_31_1_1_U356          |mul_31s_31s_31_1_1    |        0|   3|    0|    23|    0|
    |mul_31s_31s_31_1_1_U357          |mul_31s_31s_31_1_1    |        0|   3|    0|    23|    0|
    |mul_31s_31s_31_1_1_U358          |mul_31s_31s_31_1_1    |        0|   3|    0|    23|    0|
    |mul_64s_32ns_64_1_1_U359         |mul_64s_32ns_64_1_1   |        0|   5|    0|    47|    0|
    |mul_64s_32ns_64_1_1_U360         |mul_64s_32ns_64_1_1   |        0|   5|    0|    47|    0|
    |mul_64s_32ns_64_1_1_U361         |mul_64s_32ns_64_1_1   |        0|   5|    0|    47|    0|
    |mul_64s_32ns_64_1_1_U362         |mul_64s_32ns_64_1_1   |        0|   5|    0|    47|    0|
    |grp_zint_co_reduce_mod_1_fu_674  |zint_co_reduce_mod_1  |        0|  44|  655|  2080|    0|
    +---------------------------------+----------------------+---------+----+-----+------+-----+
    |Total                            |                      |        0| 112|  655|  2636|    0|
    +---------------------------------+----------------------+---------+----+-----+------+-----+

    * DSP: 
    N/A

    * Memory: 
    N/A

    * FIFO: 
    N/A

    * Expression: 
    +----------------------------+----------+----+---+-----+------------+------------+
    |        Variable Name       | Operation| DSP| FF| LUT | Bitwidth P0| Bitwidth P1|
    +----------------------------+----------+----+---+-----+------------+------------+
    |a_hi_fu_1531_p2             |         +|   0|  0|   71|          64|          64|
    |a_lo_3_fu_1829_p2           |         +|   0|  0|   39|          32|          32|
    |add_ln1717_1_fu_2520_p2     |         +|   0|  0|   38|          31|          31|
    |add_ln1717_fu_2328_p2       |         +|   0|  0|   38|          31|          31|
    |add_ln1719_1_fu_2371_p2     |         +|   0|  0|   14|          13|          13|
    |add_ln1719_fu_2255_p2       |         +|   0|  0|   14|          13|          13|
    |add_ln1753_fu_2007_p2       |         +|   0|  0|   14|          13|          13|
    |add_ln1754_fu_2028_p2       |         +|   0|  0|   14|          13|          13|
    |add_ln1755_fu_2113_p2       |         +|   0|  0|   64|          64|          64|
    |add_ln1756_fu_2141_p2       |         +|   0|  0|   64|          64|          64|
    |add_ln1758_fu_2162_p2       |         +|   0|  0|   14|          13|          13|
    |add_ln1759_fu_2191_p2       |         +|   0|  0|   14|          13|          13|
    |add_ln2037_fu_1274_p2       |         +|   0|  0|   39|          32|           2|
    |add_ln2069_fu_1307_p2       |         +|   0|  0|   14|          13|          13|
    |add_ln2070_fu_1328_p2       |         +|   0|  0|   14|          13|          13|
    |add_ln2076_fu_1427_p2       |         +|   0|  0|   39|          32|          31|
    |add_ln2194_fu_2571_p2       |         +|   0|  0|   14|          13|          13|
    |add_ptr7_sum_fu_1009_p2     |         +|   0|  0|   15|           8|           1|
    |aw_6_fu_2322_p2             |         +|   0|  0|   39|          32|          32|
    |aw_8_fu_2514_p2             |         +|   0|  0|   39|          32|          32|
    |b_hi_fu_1553_p2             |         +|   0|  0|   71|          64|          64|
    |b_lo_3_fu_1921_p2           |         +|   0|  0|   39|          32|          32|
    |empty_193_fu_845_p2         |         +|   0|  0|   14|          13|          13|
    |empty_194_fu_866_p2         |         +|   0|  0|   15|           8|           1|
    |empty_195_fu_921_p2         |         +|   0|  0|   12|          12|          12|
    |empty_196_fu_945_p2         |         +|   0|  0|   14|          13|          13|
    |empty_197_fu_966_p2         |         +|   0|  0|   15|           8|           1|
    |empty_198_fu_1027_p2        |         +|   0|  0|   12|          11|          10|
    |empty_200_fu_1072_p2        |         +|   0|  0|   15|           8|           1|
    |empty_201_fu_1119_p2        |         +|   0|  0|   12|          12|          12|
    |empty_202_fu_1143_p2        |         +|   0|  0|   14|          13|          12|
    |empty_203_fu_1164_p2        |         +|   0|  0|   15|           8|           1|
    |empty_204_fu_1209_p2        |         +|   0|  0|   12|          12|          11|
    |empty_205_fu_1233_p2        |         +|   0|  0|   14|          13|          13|
    |empty_206_fu_1254_p2        |         +|   0|  0|   15|           8|           1|
    |empty_fu_821_p2             |         +|   0|  0|   12|          12|          11|
    |i_1_fu_1569_p2              |         +|   0|  0|   13|           5|           1|
    |j_5_fu_1461_p2              |         +|   0|  0|   15|           8|           2|
    |j_7_fu_2592_p2              |         +|   0|  0|   15|           8|           1|
    |num_3_fu_2482_p2            |         +|   0|  0|   17|          14|           6|
    |pa_2_fu_1849_p2             |         +|   0|  0|   71|          64|          64|
    |pb_2_fu_1861_p2             |         +|   0|  0|   71|          64|          64|
    |qa_2_fu_1933_p2             |         +|   0|  0|   71|          64|          64|
    |qb_2_fu_1945_p2             |         +|   0|  0|   71|          64|          64|
    |u_33_fu_2237_p2             |         +|   0|  0|   15|           8|           1|
    |u_34_fu_1989_p2             |         +|   0|  0|   15|           8|           1|
    |u_35_fu_2353_p2             |         +|   0|  0|   15|           8|           1|
    |za_fu_2119_p2               |         +|   0|  0|   64|          64|          64|
    |zb_fu_2147_p2               |         +|   0|  0|   64|          64|          64|
    |a_hi_2_fu_1709_p2           |         -|   0|  0|   71|          64|          64|
    |a_lo_2_fu_1689_p2           |         -|   0|  0|   39|          32|          32|
    |b_hi_2_fu_1773_p2           |         -|   0|  0|   71|          64|          64|
    |b_lo_2_fu_1753_p2           |         -|   0|  0|   39|          32|          32|
    |pa_1_fu_1721_p2             |         -|   0|  0|   71|          64|          64|
    |pa_3_fu_2411_p2             |         -|   0|  0|   71|          64|          64|
    |pb_1_fu_1733_p2             |         -|   0|  0|   71|          64|          64|
    |pb_3_fu_2430_p2             |         -|   0|  0|   71|          64|          64|
    |qa_1_fu_1785_p2             |         -|   0|  0|   71|          64|          64|
    |qa_3_fu_2456_p2             |         -|   0|  0|   71|          64|          64|
    |qb_1_fu_1797_p2             |         -|   0|  0|   71|          64|          64|
    |qb_3_fu_2475_p2             |         -|   0|  0|   71|          64|          64|
    |rz_fu_1575_p2               |         -|   0|  0|   71|          64|          64|
    |sub_ln2196_fu_2614_p2       |         -|   0|  0|   39|           1|          32|
    |sub_ln658_1_fu_886_p2       |         -|   0|  0|   38|           2|          31|
    |sub_ln659_1_fu_990_p2       |         -|   0|  0|   38|           2|          31|
    |sub_ln659_fu_1001_p2        |         -|   0|  0|   38|           2|          31|
    |x0i_fu_1094_p1              |         -|   0|  0|   38|           1|          31|
    |y0i_fu_1184_p1              |         -|   0|  0|   38|           1|          31|
    |y_10_fu_758_p2              |         -|   0|  0|   38|           2|          31|
    |y_11_fu_776_p0              |         -|   0|  0|   38|           2|          31|
    |y_12_fu_794_p0              |         -|   0|  0|   38|           2|          31|
    |y_15_fu_891_p0              |         -|   0|  0|   38|           2|          31|
    |y_6_fu_724_p0               |         -|   0|  0|   38|           2|          31|
    |y_7_fu_742_p0               |         -|   0|  0|   38|           2|          31|
    |y_fu_706_p2                 |         -|   0|  0|   38|           2|          31|
    |a0_2_fu_1491_p2             |       and|   0|  0|   32|          32|          32|
    |and_ln2071_fu_1355_p2       |       and|   0|  0|   32|          32|          32|
    |and_ln2072_fu_1373_p2       |       and|   0|  0|   32|          32|          32|
    |and_ln2073_fu_1391_p2       |       and|   0|  0|   32|          32|          32|
    |and_ln2074_fu_1409_p2       |       and|   0|  0|   32|          32|          32|
    |and_ln2085_fu_1473_p2       |       and|   0|  0|   32|          32|          32|
    |and_ln2087_fu_1497_p2       |       and|   0|  0|   32|          32|          32|
    |and_ln2128_fu_1593_p2       |       and|   0|  0|   64|          64|          64|
    |and_ln2142_fu_1633_p2       |       and|   0|  0|    2|           1|           1|
    |and_ln2143_fu_1645_p2       |       and|   0|  0|    2|           1|           1|
    |and_ln2149_fu_1683_p2       |       and|   0|  0|   32|          32|          32|
    |and_ln2150_fu_1703_p2       |       and|   0|  0|   64|          64|          64|
    |and_ln2151_fu_1715_p2       |       and|   0|  0|   64|          64|          64|
    |and_ln2152_fu_1727_p2       |       and|   0|  0|   64|          64|          64|
    |and_ln2153_fu_1747_p2       |       and|   0|  0|   32|          32|          32|
    |and_ln2154_fu_1767_p2       |       and|   0|  0|   64|          64|          64|
    |and_ln2155_fu_1779_p2       |       and|   0|  0|   64|          64|          64|
    |and_ln2156_fu_1791_p2       |       and|   0|  0|   64|          64|          64|
    |and_ln2161_1_fu_1809_p2     |       and|   0|  0|    2|           1|           1|
    |and_ln2161_fu_1823_p2       |       and|   0|  0|   32|          32|          32|
    |and_ln2162_fu_1843_p2       |       and|   0|  0|   64|          64|          64|
    |and_ln2163_fu_1855_p2       |       and|   0|  0|   64|          64|          64|
    |and_ln2164_fu_1895_p2       |       and|   0|  0|   64|          64|          64|
    |and_ln2165_fu_1915_p2       |       and|   0|  0|   32|          32|          32|
    |and_ln2166_fu_1927_p2       |       and|   0|  0|   64|          64|          64|
    |and_ln2167_fu_1939_p2       |       and|   0|  0|   64|          64|          64|
    |and_ln2168_fu_1971_p2       |       and|   0|  0|   64|          64|          64|
    |and_ln2178_fu_2405_p2       |       and|   0|  0|   64|          64|          64|
    |and_ln2179_fu_2424_p2       |       and|   0|  0|   64|          64|          64|
    |and_ln2180_fu_2450_p2       |       and|   0|  0|   64|          64|          64|
    |and_ln2181_fu_2469_p2       |       and|   0|  0|   64|          64|          64|
    |and_ln2196_1_fu_2654_p2     |       and|   0|  0|    2|           1|           1|
    |and_ln2196_fu_2648_p2       |       and|   0|  0|    2|           1|           1|
    |b0_2_fu_1509_p2             |       and|   0|  0|   32|          32|          32|
    |c0_fu_1455_p2               |       and|   0|  0|   32|          32|          32|
    |cAB_fu_1639_p2              |       and|   0|  0|    2|           1|           1|
    |cBA_fu_1657_p2              |       and|   0|  0|    2|           1|           1|
    |exitcond92_fu_1259_p2       |      icmp|   0|  0|   11|           8|           7|
    |exitcond93_fu_1169_p2       |      icmp|   0|  0|   11|           8|           7|
    |exitcond94_fu_1078_p2       |      icmp|   0|  0|   11|           8|           7|
    |exitcond95_fu_1048_p2       |      icmp|   0|  0|   11|           8|           7|
    |exitcond96_fu_971_p2        |      icmp|   0|  0|   11|           8|           7|
    |exitcond97_fu_871_p2        |      icmp|   0|  0|   11|           8|           7|
    |icmp_ln1716_1_fu_2347_p2    |      icmp|   0|  0|   11|           8|           7|
    |icmp_ln1716_fu_2231_p2      |      icmp|   0|  0|   11|           8|           7|
    |icmp_ln1749_fu_1983_p2      |      icmp|   0|  0|   11|           8|           7|
    |icmp_ln1757_fu_2049_p2      |      icmp|   0|  0|   11|           8|           1|
    |icmp_ln2043_fu_1284_p2      |      icmp|   0|  0|   12|          14|           5|
    |icmp_ln2066_fu_1467_p2      |      icmp|   0|  0|   11|           8|           1|
    |icmp_ln2107_fu_1563_p2      |      icmp|   0|  0|    9|           5|           2|
    |icmp_ln2193_fu_2553_p2      |      icmp|   0|  0|   11|           8|           7|
    |lshr_ln2140_fu_1613_p2      |      lshr|   0|  0|  100|          32|          32|
    |lshr_ln2141_fu_1623_p2      |      lshr|   0|  0|  100|          32|          32|
    |a1_2_fu_1479_p2             |        or|   0|  0|   32|          32|          32|
    |b1_2_fu_1503_p2             |        or|   0|  0|   32|          32|          32|
    |cA_fu_1669_p2               |        or|   0|  0|    2|           1|           1|
    |or_ln2076_fu_1421_p2        |        or|   0|  0|   32|          32|          32|
    |or_ln2196_fu_2620_p2        |        or|   0|  0|   32|          32|          32|
    |rc_2_fu_2603_p2             |        or|   0|  0|   32|          32|          32|
    |select_ln1707_1_fu_2284_p3  |    select|   0|  0|   31|           1|          31|
    |select_ln1707_fu_2073_p3    |    select|   0|  0|   31|           1|          31|
    |select_ln1720_1_fu_2292_p3  |    select|   0|  0|    2|           1|           2|
    |select_ln1720_fu_2081_p3    |    select|   0|  0|    2|           1|           2|
    |select_ln2076_fu_1447_p3    |    select|   0|  0|    2|           1|           2|
    |select_ln2149_fu_1675_p3    |    select|   0|  0|    2|           1|           2|
    |select_ln2150_fu_1695_p3    |    select|   0|  0|    2|           1|           2|
    |select_ln2153_fu_1739_p3    |    select|   0|  0|    2|           1|           2|
    |select_ln2154_fu_1759_p3    |    select|   0|  0|    2|           1|           2|
    |select_ln2161_fu_1815_p3    |    select|   0|  0|    2|           1|           2|
    |select_ln2162_fu_1835_p3    |    select|   0|  0|    2|           1|           2|
    |select_ln2164_fu_1887_p3    |    select|   0|  0|    2|           1|           2|
    |select_ln2165_fu_1907_p3    |    select|   0|  0|    2|           1|           2|
    |select_ln2178_fu_2398_p3    |    select|   0|  0|    2|           1|           2|
    |select_ln2180_fu_2443_p3    |    select|   0|  0|    2|           1|           2|
    |a0_1_fu_1361_p2             |       xor|   0|  0|   32|          32|          32|
    |a1_1_fu_1379_p2             |       xor|   0|  0|   32|          32|          32|
    |a_hi_3_fu_1901_p2           |       xor|   0|  0|   64|          64|          64|
    |b0_1_fu_1397_p2             |       xor|   0|  0|   32|          32|          32|
    |b1_1_fu_1415_p2             |       xor|   0|  0|   32|          32|          32|
    |b_hi_3_fu_1977_p2           |       xor|   0|  0|   64|          64|          64|
    |rc_fu_2539_p2               |       xor|   0|  0|   32|          32|           1|
    |xor_ln1720_1_fu_2496_p2     |       xor|   0|  0|   32|          32|          32|
    |xor_ln1720_2_fu_2313_p2     |       xor|   0|  0|   31|          31|          31|
    |xor_ln1720_3_fu_2505_p2     |       xor|   0|  0|   31|          31|          31|
    |xor_ln1720_fu_2304_p2       |       xor|   0|  0|   32|          32|          32|
    |xor_ln2071_fu_1349_p2       |       xor|   0|  0|   32|          32|          32|
    |xor_ln2072_fu_1367_p2       |       xor|   0|  0|   32|          32|          32|
    |xor_ln2073_fu_1385_p2       |       xor|   0|  0|   32|          32|          32|
    |xor_ln2074_fu_1403_p2       |       xor|   0|  0|   32|          32|          32|
    |xor_ln2076_fu_1441_p2       |       xor|   0|  0|    2|           1|           2|
    |xor_ln2086_fu_1485_p2       |       xor|   0|  0|   32|          32|           2|
    |xor_ln2127_1_fu_1599_p2     |       xor|   0|  0|   64|          64|          64|
    |xor_ln2127_fu_1581_p2       |       xor|   0|  0|   64|          64|          64|
    |xor_ln2128_fu_1587_p2       |       xor|   0|  0|   64|          64|          64|
    |xor_ln2143_fu_1651_p2       |       xor|   0|  0|    2|           1|           2|
    |xor_ln2144_fu_1663_p2       |       xor|   0|  0|    2|           1|           2|
    |xor_ln2161_fu_1803_p2       |       xor|   0|  0|    2|           2|           1|
    |xor_ln2164_fu_1881_p2       |       xor|   0|  0|   64|          64|          64|
    |xor_ln2168_fu_1965_p2       |       xor|   0|  0|   64|          64|          64|
    |xor_ln2196_fu_2634_p2       |       xor|   0|  0|    2|           1|           2|
    +----------------------------+----------+----+---+-----+------------+------------+
    |Total                       |          |   0|  0| 5808|        4786|        5023|
    +----------------------------+----------+----+---+-----+------------+------------+

    * Multiplexer: 
    +-------------------------------------+-----+-----------+-----+-----------+
    |                 Name                | LUT | Input Size| Bits| Total Bits|
    +-------------------------------------+-----+-----------+-----+-----------+
    |a0_reg_467                           |    9|          2|   32|         64|
    |a1_reg_456                           |    9|          2|   32|         64|
    |a_hi_1_reg_588                       |    9|          2|   64|        128|
    |a_lo_1_reg_570                       |    9|          2|   32|         64|
    |ap_NS_fsm                            |  151|         34|    1|         34|
    |ap_return                            |    9|          2|    1|          2|
    |b0_reg_445                           |    9|          2|   32|         64|
    |b1_reg_434                           |    9|          2|   32|         64|
    |b_hi_1_reg_579                       |    9|          2|   64|        128|
    |b_lo_1_reg_561                       |    9|          2|   32|         64|
    |c0_2_reg_489                         |    9|          2|   32|         64|
    |c1_reg_478                           |    9|          2|   32|         64|
    |cc_12_reg_653                        |    9|          2|    1|          2|
    |cc_reg_632                           |    9|          2|    1|          2|
    |cca_reg_609                          |    9|          2|   33|         66|
    |ccb_reg_597                          |    9|          2|   33|         66|
    |empty_199_fu_166                     |    9|          2|    8|         16|
    |empty_207_fu_162                     |    9|          2|    8|         16|
    |grp_zint_co_reduce_mod_1_fu_674_a    |   14|          3|    9|         27|
    |grp_zint_co_reduce_mod_1_fu_674_b    |   14|          3|   13|         39|
    |grp_zint_co_reduce_mod_1_fu_674_m    |   14|          3|   12|         36|
    |grp_zint_co_reduce_mod_1_fu_674_m0i  |   14|          3|   31|         93|
    |i_reg_502                            |    9|          2|    5|         10|
    |j_1_reg_421                          |    9|          2|    8|         16|
    |j_3_fu_182                           |    9|          2|    8|         16|
    |j_reg_410                            |    9|          2|    8|         16|
    |loop_index16_fu_170                  |    9|          2|    8|         16|
    |loop_index22_fu_158                  |    9|          2|    8|         16|
    |loop_index28_fu_154                  |    9|          2|    8|         16|
    |loop_index_fu_174                    |    9|          2|    8|         16|
    |num_fu_178                           |    9|          2|   14|         28|
    |pa_reg_549                           |    9|          2|   64|        128|
    |pb_reg_537                           |    9|          2|   64|        128|
    |qa_reg_525                           |    9|          2|   64|        128|
    |qb_reg_513                           |    9|          2|   64|        128|
    |rc_1_fu_186                          |    9|          2|   32|         64|
    |u_20_reg_642                         |    9|          2|    8|         16|
    |u_23_reg_663                         |    9|          2|    8|         16|
    |u_reg_621                            |    9|          2|    8|         16|
    |vla18_address0                       |   93|         19|   13|        247|
    |vla18_address1                       |   81|         17|   13|        221|
    |vla18_ce0                            |   14|          3|    1|          3|
    |vla18_ce1                            |   14|          3|    1|          3|
    |vla18_d0                             |   42|          8|   32|        256|
    |vla18_d1                             |   42|          8|   32|        256|
    |vla18_we0                            |   14|          3|    4|         12|
    |vla18_we1                            |   14|          3|    4|         12|
    +-------------------------------------+-----+-----------+-----+-----------+
    |Total                                |  827|        178| 1022|       2951|
    +-------------------------------------+-----+-----------+-----+-----------+

    * Register: 
    +----------------------------------------------+----+----+-----+-----------+
    |                     Name                     | FF | LUT| Bits| Const Bits|
    +----------------------------------------------+----+----+-----+-----------+
    |a0_reg_467                                    |  32|   0|   32|          0|
    |a1_reg_456                                    |  32|   0|   32|          0|
    |a_hi_1_reg_588                                |  64|   0|   64|          0|
    |a_hi_reg_2948                                 |  64|   0|   64|          0|
    |a_lo_1_reg_570                                |  32|   0|   32|          0|
    |ap_CS_fsm                                     |  33|   0|   33|          0|
    |ap_return_preg                                |   1|   0|    1|          0|
    |b0_reg_445                                    |  32|   0|   32|          0|
    |b1_reg_434                                    |  32|   0|   32|          0|
    |b_hi_1_reg_579                                |  64|   0|   64|          0|
    |b_hi_reg_2953                                 |  64|   0|   64|          0|
    |b_lo_1_reg_561                                |  32|   0|   32|          0|
    |c0_2_reg_489                                  |  32|   0|   32|          0|
    |c1_reg_478                                    |  32|   0|   32|          0|
    |cc_12_reg_653                                 |   1|   0|    1|          0|
    |cc_reg_632                                    |   1|   0|    1|          0|
    |cca_reg_609                                   |  33|   0|   33|          0|
    |ccb_reg_597                                   |  33|   0|   33|          0|
    |empty_199_fu_166                              |   8|   0|    8|          0|
    |empty_207_fu_162                              |   8|   0|    8|          0|
    |grp_zint_co_reduce_mod_1_fu_674_ap_start_reg  |   1|   0|    1|          0|
    |i_reg_502                                     |   5|   0|    5|          0|
    |icmp_ln1757_reg_3040                          |   1|   0|    1|          0|
    |j_1_reg_421                                   |   8|   0|    8|          0|
    |j_3_fu_182                                    |   8|   0|    8|          0|
    |j_reg_410                                     |   8|   0|    8|          0|
    |loop_index16_fu_170                           |   8|   0|    8|          0|
    |loop_index22_fu_158                           |   8|   0|    8|          0|
    |loop_index28_fu_154                           |   8|   0|    8|          0|
    |loop_index_fu_174                             |   8|   0|    8|          0|
    |mul_ln658_2_reg_2702                          |  31|   0|   31|          0|
    |mul_ln658_reg_2687                            |  31|   0|   31|          0|
    |mul_ln659_reg_2740                            |  31|   0|   31|          0|
    |nega_reg_3044                                 |   1|   0|    1|          0|
    |negb_reg_3084                                 |   1|   0|    1|          0|
    |num_fu_178                                    |  14|   0|   14|          0|
    |pa_3_reg_3119                                 |  64|   0|   64|          0|
    |pa_reg_549                                    |  64|   0|   64|          0|
    |pb_3_reg_3124                                 |  64|   0|   64|          0|
    |pb_reg_537                                    |  64|   0|   64|          0|
    |qa_3_reg_3129                                 |  64|   0|   64|          0|
    |qa_reg_525                                    |  64|   0|   64|          0|
    |qb_3_reg_3134                                 |  64|   0|   64|          0|
    |qb_reg_513                                    |  64|   0|   64|          0|
    |rc_1_fu_186                                   |  32|   0|   32|          0|
    |select_ln1707_1_reg_3090                      |  31|   0|   32|          1|
    |select_ln1707_reg_3050                        |  31|   0|   32|          1|
    |select_ln1720_1_reg_3095                      |  31|   0|   31|          0|
    |select_ln1720_reg_3055                        |  31|   0|   31|          0|
    |sub_ln658_1_reg_2730                          |  31|   0|   31|          0|
    |sub_ln659_1_reg_2773                          |  31|   0|   31|          0|
    |sub_ln659_reg_2778                            |  31|   0|   31|          0|
    |tmp_10_reg_2839                               |   8|   0|   10|          2|
    |tmp_3_reg_2748                                |   8|   0|   10|          2|
    |tmp_8_reg_2811                                |   8|   0|   10|          2|
    |tmp_reg_2710                                  |   8|   0|   10|          2|
    |trunc_ln651_1_reg_2692                        |  31|   0|   31|          0|
    |trunc_ln651_reg_2677                          |  31|   0|   31|          0|
    |u_20_reg_642                                  |   8|   0|    8|          0|
    |u_23_reg_663                                  |   8|   0|    8|          0|
    |u_33_reg_3073                                 |   8|   0|    8|          0|
    |u_34_reg_3019                                 |   8|   0|    8|          0|
    |u_35_reg_3108                                 |   8|   0|    8|          0|
    |u_reg_621                                     |   8|   0|    8|          0|
    |vla18_addr_52_reg_3078                        |  11|   0|   13|          2|
    |vla18_addr_53_reg_3113                        |  11|   0|   13|          2|
    |x0i_reg_2803                                  |  31|   0|   31|          0|
    |y0i_reg_2831                                  |  31|   0|   31|          0|
    |y_12_reg_2697                                 |  31|   0|   31|          0|
    |y_15_reg_2735                                 |  31|   0|   31|          0|
    |y_17_reg_2768                                 |  31|   0|   31|          0|
    |y_7_reg_2682                                  |  31|   0|   31|          0|
    |zext_ln1753_1_reg_3024                        |   8|   0|   13|          5|
    +----------------------------------------------+----+----+-----+-----------+
    |Total                                         |1921|   0| 1940|         19|
    +----------------------------------------------+----+----+-----+-----------+



================================================================
== Interface
================================================================
* Summary: 
+----------------+-----+-----+------------+---------------+--------------+
|    RTL Ports   | Dir | Bits|  Protocol  | Source Object |    C Type    |
+----------------+-----+-----+------------+---------------+--------------+
|ap_clk          |   in|    1|  ap_ctrl_hs|  zint_bezout.1|  return value|
|ap_rst          |   in|    1|  ap_ctrl_hs|  zint_bezout.1|  return value|
|ap_start        |   in|    1|  ap_ctrl_hs|  zint_bezout.1|  return value|
|ap_done         |  out|    1|  ap_ctrl_hs|  zint_bezout.1|  return value|
|ap_idle         |  out|    1|  ap_ctrl_hs|  zint_bezout.1|  return value|
|ap_ready        |  out|    1|  ap_ctrl_hs|  zint_bezout.1|  return value|
|ap_return       |  out|    1|  ap_ctrl_hs|  zint_bezout.1|  return value|
|vla18_address0  |  out|   13|   ap_memory|          vla18|         array|
|vla18_ce0       |  out|    1|   ap_memory|          vla18|         array|
|vla18_we0       |  out|    4|   ap_memory|          vla18|         array|
|vla18_d0        |  out|   32|   ap_memory|          vla18|         array|
|vla18_q0        |   in|   32|   ap_memory|          vla18|         array|
|vla18_address1  |  out|   13|   ap_memory|          vla18|         array|
|vla18_ce1       |  out|    1|   ap_memory|          vla18|         array|
|vla18_we1       |  out|    4|   ap_memory|          vla18|         array|
|vla18_d1        |  out|   32|   ap_memory|          vla18|         array|
|vla18_q1        |   in|   32|   ap_memory|          vla18|         array|
+----------------+-----+-----+------------+---------------+--------------+

